// Jest Snapshot v1, https://goo.gl/fbAQLP

exports[`unit.services.RequestService HTTP DELETE validateAgainstConstraints should return a response containing validation errors if the data provided is incorrect 1`] = `
ResponseModel {
  "body": {
    "data": {},
    "message": "required fields are missing",
    "validation_errors": {
      "giftaid": [
        "Giftaid is not a number",
      ],
    },
  },
  "code": 400,
}
`;

exports[`unit.services.RequestService HTTP GET validateAgainstConstraints should return a response containing validation errors if the data provided is incorrect 1`] = `
ResponseModel {
  "body": {
    "data": {},
    "message": "required fields are missing",
    "validation_errors": {
      "giftaid": [
        "Giftaid is not a number",
      ],
    },
  },
  "code": 400,
}
`;

exports[`unit.services.RequestService HTTP HEAD validateAgainstConstraints should return a response containing validation errors if the data provided is incorrect 1`] = `
ResponseModel {
  "body": {
    "data": {},
    "message": "required fields are missing",
    "validation_errors": {
      "giftaid": [
        "Giftaid is not a number",
      ],
    },
  },
  "code": 400,
}
`;

exports[`unit.services.RequestService HTTP OPTIONS validateAgainstConstraints should return a response containing validation errors if the data provided is incorrect 1`] = `
ResponseModel {
  "body": {
    "data": {},
    "message": "required fields are missing",
    "validation_errors": {
      "giftaid": [
        "Giftaid is not a number",
      ],
    },
  },
  "code": 400,
}
`;

exports[`unit.services.RequestService HTTP PATCH validateAgainstConstraints should return a response containing validation errors if the data provided is incorrect 1`] = `
ResponseModel {
  "body": {
    "data": {},
    "message": "required fields are missing",
    "validation_errors": {
      "giftaid": [
        "Giftaid is not a number",
      ],
    },
  },
  "code": 400,
}
`;

exports[`unit.services.RequestService HTTP POST validateAgainstConstraints should return a response containing validation errors if the data provided is incorrect 1`] = `
ResponseModel {
  "body": {
    "data": {},
    "message": "required fields are missing",
    "validation_errors": {
      "giftaid": [
        "Giftaid is not a number",
      ],
    },
  },
  "code": 400,
}
`;

exports[`unit.services.RequestService HTTP PUT validateAgainstConstraints should return a response containing validation errors if the data provided is incorrect 1`] = `
ResponseModel {
  "body": {
    "data": {},
    "message": "required fields are missing",
    "validation_errors": {
      "giftaid": [
        "Giftaid is not a number",
      ],
    },
  },
  "code": 400,
}
`;
