// Jest Snapshot v1, https://goo.gl/fbAQLP

exports[`Service/BaseConfigService get propagates the 404 1`] = `"404"`;

exports[`Service/BaseConfigService get refuses empty configurations 1`] = `"Configuration file is empty"`;

exports[`Service/BaseConfigService get refuses invalid configurations 1`] = `"Invalid configuration file"`;

exports[`Service/BaseConfigService getOrCreate throws any non-404 error 1`] = `"Bad error"`;

exports[`Service/BaseConfigService patch throws any non-404 error 1`] = `"Bad error"`;
